<?xml version='1.0' encoding='utf-8'?>
<testsuites name="pytest tests"><testsuite name="pytest" errors="0" failures="0" skipped="0" tests="59" time="5.660" timestamp="2026-10-06T18:33:51.003611+08:00"><testcase classname="tests.test_api" name="test_statistics_and_filtered_cursor_are_app_scoped" time="0.644" /><testcase classname="tests.test_api" name="test_invalid_query_is_rejected[/stats?hours=169]" time="0.427" /><testcase classname="tests.test_api" name="test_invalid_query_is_rejected[/requests?status=unknown]" time="0.468" /><testcase classname="tests.test_api" name="test_invalid_query_is_rejected[/requests?since=nan]" time="0.511" /><testcase classname="tests.test_api" name="test_invalid_query_is_rejected[/requests?since=-1]" time="0.475" /><testcase classname="tests.test_api" name="test_invalid_query_is_rejected[/requests?limit=0]" time="0.529" /><testcase classname="tests.test_api" name="test_monitor_key_not_application_key_and_assets_are_bounded" time="0.608" /><testcase classname="tests.test_config" name="test_invalid_global_configuration[lease_seconds-nan]" time="0.005" /><testcase classname="tests.test_config" name="test_invalid_global_configuration[first_seconds-inf]" time="0.004" /><testcase classname="tests.test_config" name="test_invalid_global_configuration[total_seconds-True]" time="0.004" /><testcase classname="tests.test_config" name="test_invalid_global_configuration[idle_seconds--1]" time="0.003" /><testcase classname="tests.test_config" name="test_invalid_global_configuration[max_body_bytes-0]" time="0.004" /><testcase classname="tests.test_config" name="test_invalid_global_configuration[retention_days-30]" time="0.005" /><testcase classname="tests.test_config" name="test_invalid_global_configuration[max_frame_bytes-33554432]" time="0.004" /><testcase classname="tests.test_config" name="test_invalid_global_configuration[namespace-{bad}]" time="0.004" /><testcase classname="tests.test_config" name="test_invalid_global_configuration[allow_local_http-false]" time="0.005" /><testcase classname="tests.test_config" name="test_invalid_global_configuration[unknown-1]" time="0.005" /><testcase classname="tests.test_config" name="test_invalid_model_configuration[endpoint-file:///tmp/a]" time="0.004" /><testcase classname="tests.test_config" name="test_invalid_model_configuration[endpoint-https://user:secret@example.com/v1]" time="0.005" /><testcase classname="tests.test_config" name="test_invalid_model_configuration[endpoint-http://example.com/v1]" time="0.004" /><testcase classname="tests.test_config" name="test_invalid_model_configuration[concurrency-True]" time="0.006" /><testcase classname="tests.test_config" name="test_invalid_model_configuration[concurrency-1.5]" time="0.005" /><testcase classname="tests.test_config" name="test_invalid_model_configuration[model-]" time="0.004" /><testcase classname="tests.test_config" name="test_invalid_model_configuration[unknown-1]" time="0.005" /><testcase classname="tests.test_config" name="test_invalid_model_configuration[request_defaults-value7]" time="0.008" /><testcase classname="tests.test_config" name="test_invalid_model_configuration[request_defaults-value8]" time="0.010" /><testcase classname="tests.test_config" name="test_limits_and_monitor_key_are_loaded" time="0.007" /><testcase classname="tests.test_core" name="test_sse_fragmented_unicode_and_done[\n\n]" time="0.002" /><testcase classname="tests.test_core" name="test_sse_fragmented_unicode_and_done[\r\n\r\n]" time="0.001" /><testcase classname="tests.test_core" name="test_first_small_frame_is_not_buffered_until_eof" time="0.002" /><testcase classname="tests.test_core" name="test_oversized_frame_rejected_before_terminator" time="0.002" /><testcase classname="tests.test_core" name="test_missing_done_is_failure" time="0.002" /><testcase classname="tests.test_core" name="test_protocol_errors_do_not_echo_upstream[{&quot;error&quot;:{&quot;message&quot;:&quot;secret&quot;}}]" time="0.000" /><testcase classname="tests.test_core" name="test_protocol_errors_do_not_echo_upstream[[]]" time="0.001" /><testcase classname="tests.test_core" name="test_protocol_errors_do_not_echo_upstream[broken]" time="0.001" /><testcase classname="tests.test_core" name="test_usage_only_numeric_allowlist" time="0.001" /><testcase classname="tests.test_core" name="test_database_ownership_pagination_and_terminal_fencing" time="0.100" /><testcase classname="tests.test_core" name="test_lease_loss_cancels_pending_upstream_task" time="0.023" /><testcase classname="tests.test_db_capacity" name="test_cancelled_db_call_keeps_slot_until_real_execution_finishes" time="0.513" /><testcase classname="tests.test_mysql_integration" name="test_mysql_deadline_precision_and_metadata_only" time="0.200" /><testcase classname="tests.test_quota_integration" name="test_atomic_capacity_across_two_clients_and_idempotent_release" time="0.053" /><testcase classname="tests.test_quota_integration" name="test_expired_lease_cannot_be_renewed_or_release_new_request" time="0.164" /><testcase classname="tests.test_quota_integration" name="test_per_application_limit_and_shared_model_limit" time="0.008" /><testcase classname="tests.test_response" name="test_slow_asgi_consumer_cannot_hold_response_forever" time="0.066" /><testcase classname="tests.test_validation" name="test_invalid_chat_input_rejected_before_upstream[changes0]" time="0.001" /><testcase classname="tests.test_validation" name="test_invalid_chat_input_rejected_before_upstream[changes1]" time="0.000" /><testcase classname="tests.test_validation" name="test_invalid_chat_input_rejected_before_upstream[changes2]" time="0.001" /><testcase classname="tests.test_validation" name="test_invalid_chat_input_rejected_before_upstream[changes3]" time="0.000" /><testcase classname="tests.test_validation" name="test_invalid_chat_input_rejected_before_upstream[changes4]" time="0.000" /><testcase classname="tests.test_validation" name="test_invalid_chat_input_rejected_before_upstream[changes5]" time="0.000" /><testcase classname="tests.test_validation" name="test_invalid_chat_input_rejected_before_upstream[changes6]" time="0.001" /><testcase classname="tests.test_validation" name="test_invalid_chat_input_rejected_before_upstream[changes7]" time="0.001" /><testcase classname="tests.test_validation" name="test_invalid_chat_input_rejected_before_upstream[changes8]" time="0.001" /><testcase classname="tests.test_validation" name="test_invalid_chat_input_rejected_before_upstream[changes9]" time="0.000" /><testcase classname="tests.test_validation" name="test_invalid_chat_input_rejected_before_upstream[changes10]" time="0.000" /><testcase classname="tests.test_validation" name="test_invalid_chat_input_rejected_before_upstream[changes11]" time="0.000" /><testcase classname="tests.test_validation" name="test_invalid_chat_input_rejected_before_upstream[changes12]" time="0.000" /><testcase classname="tests.test_validation" name="test_assistant_tool_handoff_supported" time="0.000" /><testcase classname="tests.test_validation" name="test_model_defaults_allow_explicit_override_without_token_conflict" time="0.000" /></testsuite></testsuites>